MPASM  5.37                          MAIN.ASM   5-10-2017  14:50:31         PAGE  1


LOC  OBJECT CODE     LINE SOURCE TEXT
  VALUE

                      00001         LIST            p=16f876a
2007   3F3A           00002         __CONFIG        0x3F3A
                      00003         
                      00004 ;; переменные
  00000083            00005 STATUS          EQU             83h
  0000008B            00006 INTCON          EQU             8Bh
  00000085            00007 TRISA           EQU             85h
  00000086            00008 TRISB           EQU             86h
  00000087            00009 TRISC           EQU             87h
  00000005            00010 PORTA           EQU             05h
  00000006            00011 PORTB           EQU             06h
  00000007            00012 PORTC           EQU             07h
  00000002            00013 PCL                     EQU             02h
  0000001F            00014 ADCON0          EQU             1Fh
  0000009F            00015 ADCON1          EQU             9Fh
                      00016 ;; DS1302 константы
  00000002            00017 RST                     EQU             .2
  00000000            00018 SCLK            EQU             .0
  00000001            00019 IO                      EQU             .1
  00000082            00020 DS_W_MINUTES    EQU             82h
  00000083            00021 DS_R_MINUTES    EQU             83h
  00000084            00022 DS_W_HOUR       EQU             84h
  00000085            00023 DS_R_HOUR       EQU             85h
                      00024 ;DS_W_DAY       EQU             86h
                      00025 ;DS_R_DAY       EQU             87h
                      00026 ;DS_W_MONTH     EQU             88h
                      00027 ;DS_R_MONTH     EQU             89h
  0000008E            00028 DS_WP           EQU             8Eh
                      00029 ;;
  00000002            00030 B_MODE          EQU             .2
  00000003            00031 B_SELECT        EQU             .3
  00000001            00032 RELAY           EQU             .1
                      00033 ;;      Количество показов, чтобы избежать дребезга
  0000000F            00034 RATTLING_COUNT_SHOWING  EQU             .15                                             ;;;!!! ПРОТЕСТИР
                            ОВАТЬ !!!
  00000009            00035 COUNT_TAPS_MODE_CONST   EQU             .9
  00000007            00036 COUNT_TAPS_MODE_CONST1  EQU             .7
Warning[205]: Found directive in column 1. (CBLOCK)
                      00037 CBLOCK 0x20
  00000020            00038 IND1            ;; 0x20
  00000021            00039 IND2            ;; 0x21
  00000022            00040 IND3            ;; 0x22
  00000023            00041 IND4            ;; x023
  00000024            00042 IND_TEMP
  00000025            00043 IBLINKING       ;;      =00001110
  00000026            00044 IDOBLINK                ;; 0/1  
                      00045 ;;
  00000027            00046 COUNT_TAPS_MODE
                      00047 ;;ВРЕМЯ СЕЙЧАС
  00000028            00048 NOW_MINUTE
  00000029            00049 NOW_MINUTE10
  0000002A            00050 NOW_HOUR
  0000002B            00051 NOW_HOUR10
MPASM  5.37                          MAIN.ASM   5-10-2017  14:50:31         PAGE  2


LOC  OBJECT CODE     LINE SOURCE TEXT
  VALUE

                      00052 ;NOW_DAY
                      00053 ;NOW_DAY10
                      00054 ;NOW_MOUNTH
                      00055 ;NOW_MOUNTH10
                      00056 ;NOW_YEAR
                      00057 ;NOW_YEAR10
                      00058 ;;ДЛЯ ЗАДЕРЖКИ
  0000002C            00059 TIMER_COUNTER1
  0000002D            00060 TIMER_COUNTER2
  0000002E            00061 TIMER_COUNTER3
  0000002F            00062 TIMER_COUNTER4  ;;для моргания индикаторами
                      00063 ;;ПЕРЕДАЧА/ПРИЕМ БАЙТА
  00000030            00064 RW_BYTE         ;; управляющий байт
  00000031            00065 RW_BYTE1        ;; Принятый байт/ байт для передачи
                      00066 ;;ДЛЯ ОГРАНИЧЕНИЯ ВВОДА
Warning[205]: Found directive in column 1. (ENDC)
                      00067 ENDC
                      00068 ;;******************* конец переменных ********************
                      00069 
                      00070 ;;                              !!! Максимум 8 вызовов CALL !!!
                      00071 
Warning[205]: Found directive in column 1. (org)
0000                  00072 org 0
                      00073         ;;Инициализация
0000                  00074 init_lbl
Message[302]: Register in operand not in bank 0.  Ensure that bank bits are correct.
0000   0183           00075         CLRF            STATUS
Message[302]: Register in operand not in bank 0.  Ensure that bank bits are correct.
0001   138B           00076         BCF                     INTCON,7                ;;запрет прерываний
0002   019F           00077         CLRF            ADCON0
Message[302]: Register in operand not in bank 0.  Ensure that bank bits are correct.
0003   1303           00078         BCF                     STATUS,6                ;;первый бит выбора банка = 0
Message[302]: Register in operand not in bank 0.  Ensure that bank bits are correct.
0004   1683           00079         BSF                     STATUS,5                ;;второй = 1   => bank #1
0005   3007           00080         MOVLW           B'00000111'
Message[302]: Register in operand not in bank 0.  Ensure that bank bits are correct.
0006   009F           00081         MOVWF           ADCON1
                      00082         ;; порты: A,B,C
Message[302]: Register in operand not in bank 0.  Ensure that bank bits are correct.
0007   0185           00083         CLRF            TRISA
Message[302]: Register in operand not in bank 0.  Ensure that bank bits are correct.
0008   1485           00084         BSF                     TRISA,IO
Message[302]: Register in operand not in bank 0.  Ensure that bank bits are correct.
0009   0186           00085         CLRF            TRISB
Message[302]: Register in operand not in bank 0.  Ensure that bank bits are correct.
000A   0187           00086         CLRF            TRISC
Message[302]: Register in operand not in bank 0.  Ensure that bank bits are correct.
000B   1507           00087         BSF                     TRISC,2
Message[302]: Register in operand not in bank 0.  Ensure that bank bits are correct.
000C   1587           00088         BSF                     TRISC,3
Message[302]: Register in operand not in bank 0.  Ensure that bank bits are correct.
000D   1283           00089         BCF                     STATUS,5                ;;  BANK0
000E   0185           00090         CLRF            PORTA
MPASM  5.37                          MAIN.ASM   5-10-2017  14:50:31         PAGE  3


LOC  OBJECT CODE     LINE SOURCE TEXT
  VALUE

000F   0186           00091         CLRF            PORTB
0010   0187           00092         CLRF            PORTC
                      00093 
                      00094 
                      00095 ;; ///////////////////////////////////////////////////////////////////////
                      00096 ;; //////////////////////////////// Main /////////////////////////////////
                      00097 ;; ///////////////////////////////////////////////////////////////////////
0011                  00098 MAIN
0011   3000           00099         MOVLW           B'00000000'
0012   00A5           00100         MOVWF           IBLINKING
0013   3001           00101         MOVLW           B'00000001'
0014   00AF           00102         MOVWF           TIMER_COUNTER4
0015   3000           00103         MOVLW           .0
0016   00A0           00104         MOVWF           IND1
0017   00A1           00105         MOVWF           IND2
0018   00A2           00106         MOVWF           IND3
0019   00A3           00107         MOVWF           IND4
001A   3096           00108         MOVLW           .150
001B   20FC           00109         CALL            SHOWING_DELAY
001C   300A           00110         MOVLW           .10
001D   00A0           00111         MOVWF           IND1
001E   00A1           00112         MOVWF           IND2
001F   00A2           00113         MOVWF           IND3
0020   00A3           00114         MOVWF           IND4
0021   204C           00115         CALL            SHOWING
0022   1D07           00116         BTFSS           PORTC,B_MODE ;;проверка нажатия кнопки, если нажата,
0023   2821           00117         GOTO            $-2              ;;то следующая инструкция не выполняется
0024   296D           00118         GOTO            SHOWMENU
Warning[203]: Found opcode in column 1. (GOTO)
0025   2811           00119 GOTO    MAIN
                      00120 ;; ///////////////////////////////////////////////////////////////////////
                      00121 ;; ///////////////////////////////////////////////////////////////////////
                      00122 ;; ///////////////////////////////////////////////////////////////////////
                      00123 
                      00124 ;; **************************** Подпрограммы **************************** 
                      00125 
                      00126 
0026                  00127 CHAR_TABLE
0026   0782           00128         ADDWF           PCL,1
0027   34C0           00129         RETLW           B'11000000';0
0028   34F9           00130         RETLW           B'11111001';1
0029   34A4           00131         RETLW           B'10100100';2
002A   34B0           00132         RETLW           B'10110000';3
002B   3499           00133         RETLW           B'10011001';4
002C   3492           00134         RETLW           B'10010010';5
002D   3482           00135         RETLW           B'10000010';6
002E   34F8           00136         RETLW           B'11111000';7
002F   3480           00137         RETLW           B'10000000';8
0030   3490           00138         RETLW           B'10010000';9
0031   34FF           00139         RETLW           B'11111111';10
0032   3488           00140         RETLW           B'10001000';A   11
0033   34C6           00141         RETLW           B'11000110';C   12
0034   3486           00142         RETLW           B'10000110';E   13
MPASM  5.37                          MAIN.ASM   5-10-2017  14:50:31         PAGE  4


LOC  OBJECT CODE     LINE SOURCE TEXT
  VALUE

0035   348E           00143         RETLW           B'10001110';F   14
0036   34C2           00144         RETLW           B'11000010';G   15
0037   3489           00145         RETLW           B'10001001';H   16
0038   34C7           00146         RETLW           B'11000111';L   17
0039   34AB           00147         RETLW           B'10101011';N   18
003A   348C           00148         RETLW           B'10001100';P   19
003B   34DB           00149         RETLW           B'11011011';S=5 20 
003C   34C1           00150         RETLW           B'11000001';U   21
003D   3482           00151         RETLW           B'10000010';Б   22
003E   3491           00152         RETLW           B'10010001';У   23
003F   3499           00153         RETLW           B'10011001';Ч   24
                      00154 
Warning[203]: Found opcode in column 1. (RETURN)
0040   0008           00155 RETURN
                      00156 ;;;;;;;;;;;;;;;;;;;;;;;;;;;;;;;;;;;;;;;;;;;;;;;;;;;;;;;;;;;;;;;;;;;;;;;;;;
0041                  00157 DELAY  ;; 500 циклов NO
0041   30DD           00158         MOVLW           .221
0042   00AC           00159         MOVWF           TIMER_COUNTER1
0043   3001           00160         MOVLW           .1
0044   00AD           00161         MOVWF           TIMER_COUNTER2
0045   0BAC           00162         DECFSZ          TIMER_COUNTER1,1
0046   2845           00163         GOTO            $-1
0047   0BAD           00164         DECFSZ          TIMER_COUNTER2,1
0048   2845           00165         GOTO            $-3
0049   0000           00166         NOP
004A   0000           00167         NOP
Warning[203]: Found opcode in column 1. (RETURN)
004B   0008           00168 RETURN
                      00169 ;;;;;;;;;;;;;;;;;;;;;;;;;;;;;;;;;;;;;;;;;;;;;;;;;;;;;;;;;;;;;;;;;;;;;;;;;;
004C                  00170 SHOWING
Message[305]: Using default destination of 1 (file).
004C   0BAF           00171         DECFSZ          TIMER_COUNTER4
004D   2851           00172         GOTO            $+4
004E   09A6           00173         COMF            IDOBLINK,1
004F   3014           00174         MOVLW           .20
0050   00AF           00175         MOVWF           TIMER_COUNTER4
                      00176         
0051   1C26           00177         BTFSS           IDOBLINK,0              ;;--
0052   2854           00178         GOTO            $+2                             ;;;ДЛЯ МОРГАНИЯ
0053   1DA5           00179         BTFSS           IBLINKING,3             ;;__
0054   1787           00180         BSF                     PORTC,7
0055   0820           00181         MOVF            IND1,0
0056   2026           00182         CALL            CHAR_TABLE
0057   0086           00183         MOVWF           PORTB
0058   2041           00184         CALL            DELAY
0059   1387           00185         BCF                     PORTC,7
                      00186 
005A   1C26           00187         BTFSS           IDOBLINK,0              ;;--
005B   285D           00188         GOTO            $+2                             ;;;ДЛЯ МОРГАНИЯ
005C   1D25           00189         BTFSS           IBLINKING,2             ;;__
005D   1707           00190         BSF                     PORTC,6
005E   0821           00191         MOVF            IND2,0
005F   2026           00192         CALL            CHAR_TABLE
MPASM  5.37                          MAIN.ASM   5-10-2017  14:50:31         PAGE  5


LOC  OBJECT CODE     LINE SOURCE TEXT
  VALUE

0060   0086           00193         MOVWF           PORTB
0061   2041           00194         CALL            DELAY
0062   1307           00195         BCF                     PORTC,6
                      00196 
0063   1C26           00197         BTFSS           IDOBLINK,0              ;;--
0064   2866           00198         GOTO            $+2                             ;;;ДЛЯ МОРГАНИЯ
0065   1CA5           00199         BTFSS           IBLINKING,1             ;;__
0066   1687           00200         BSF                     PORTC,5
0067   0822           00201         MOVF            IND3,0
0068   2026           00202         CALL            CHAR_TABLE
0069   0086           00203         MOVWF           PORTB
006A   2041           00204         CALL            DELAY
006B   1287           00205         BCF                     PORTC,5
                      00206 
006C   1C26           00207         BTFSS           IDOBLINK,0              ;;--
006D   286F           00208         GOTO            $+2                             ;;;ДЛЯ МОРГАНИЯ
006E   1C25           00209         BTFSS           IBLINKING,0             ;;__
006F   1607           00210         BSF                     PORTC,4
0070   0823           00211         MOVF            IND4,0
0071   2026           00212         CALL            CHAR_TABLE
0072   0086           00213         MOVWF           PORTB
0073   2041           00214         CALL            DELAY
0074   1207           00215         BCF                     PORTC,4
Warning[203]: Found opcode in column 1. (RETURN)
0075   0008           00216 RETURN
                      00217 ;;;;;;;;;;;;;;;;;;;;;;;;;;;;;;;;;;;;;;;;;;;;;;;;;;;;;;;;;;;;;;;;;;;;;;;;;;
0076                  00218 TRANSMISSION_IN ;;ПРИЕМ ОТ DS1302
0076   3083           00219         MOVLW           DS_R_MINUTES
0077   00B0           00220         MOVWF           RW_BYTE
0078   20B6           00221         CALL            CONNECT_DS
0079   20C9           00222         CALL            READ_BYTE
007A   0831           00223         MOVF            RW_BYTE1,0
007B   390F           00224         ANDLW           B'00001111'
007C   00A8           00225         MOVWF           NOW_MINUTE              ;;<**** M
                      00226 
Message[305]: Using default destination of 1 (file).
007D   0CB1           00227         RRF                     RW_BYTE1
Message[305]: Using default destination of 1 (file).
007E   0CB1           00228         RRF                     RW_BYTE1
Message[305]: Using default destination of 1 (file).
007F   0CB1           00229         RRF                     RW_BYTE1
Message[305]: Using default destination of 1 (file).
0080   0CB1           00230         RRF                     RW_BYTE1
0081   0831           00231         MOVF            RW_BYTE1,0
0082   390F           00232         ANDLW           B'00001111'
0083   00A9           00233         MOVWF           NOW_MINUTE10            ;;<**** 10M
                      00234 
0084   3085           00235         MOVLW           DS_R_HOUR
0085   00B0           00236         MOVWF           RW_BYTE
0086   20B6           00237         CALL            CONNECT_DS
0087   20C9           00238         CALL            READ_BYTE
0088   0831           00239         MOVF            RW_BYTE1,0
0089   390F           00240         ANDLW           B'00001111'
MPASM  5.37                          MAIN.ASM   5-10-2017  14:50:31         PAGE  6


LOC  OBJECT CODE     LINE SOURCE TEXT
  VALUE

008A   00AA           00241         MOVWF           NOW_HOUR                ;;<**** H
                      00242 
Message[305]: Using default destination of 1 (file).
008B   0CB1           00243         RRF                     RW_BYTE1
Message[305]: Using default destination of 1 (file).
008C   0CB1           00244         RRF                     RW_BYTE1
Message[305]: Using default destination of 1 (file).
008D   0CB1           00245         RRF                     RW_BYTE1
Message[305]: Using default destination of 1 (file).
008E   0CB1           00246         RRF                     RW_BYTE1
008F   0831           00247         MOVF            RW_BYTE1,0
0090   3903           00248         ANDLW           B'00000011'
0091   00AB           00249         MOVWF           NOW_HOUR10              ;;<**** 10H
                      00250 
                      00251 ;       MOVLW           DS_R_DAY
                      00252 ;       MOVWF           RW_BYTE
                      00253 ;       CALL            CONNECT_DS
                      00254 ;       CALL            READ_BYTE
                      00255 ;       MOVF            RW_BYTE1,0
                      00256 ;       ANDLW           B'00001111'
                      00257 ;       MOVWF           NOW_DAY                 ;; DAY
                      00258 ;       
                      00259 ;       RRF                     RW_BYTE1
                      00260 ;       RRF                     RW_BYTE1
                      00261 ;       RRF                     RW_BYTE1
                      00262 ;       RRF                     RW_BYTE1
                      00263 ;       MOVF            RW_BYTE1,0
                      00264 ;       ANDLW           B'0000011'
                      00265 ;       MOVWF           NOW_DAY10       ;; 10DAY
Warning[203]: Found opcode in column 1. (RETURN)
0092   0008           00266 RETURN
                      00267 ;;;;;;;;;;;;;;;;;;;;;;;;;;;;;;;;;;;;;;;;;;;;;;;;;;;;;;;;;;;;;;;;;;;;;;;;;;
0093                  00268 TRANSMISSION_OUT  ;;ПЕРЕДАЧА данных
0093   308E           00269         MOVLW           DS_WP   
0094   00B0           00270         MOVWF           RW_BYTE
0095   20B6           00271         CALL            CONNECT_DS
0096   3000           00272         MOVLW           b'00000000'     
0097   00B1           00273         MOVWF           RW_BYTE1
0098   0C31           00274         RRF                     RW_BYTE1,0
0099   20E1           00275         CALL            WRITE_BYTE
                      00276 ;; очистили бит защиты записи
                      00277 
                      00278 ;; записываем в DS минуты 
009A   0829           00279         MOVF            NOW_MINUTE10,0
009B   00B1           00280         MOVWF           RW_BYTE1
009C   0DB1           00281         RLF                     RW_BYTE1,1
009D   0DB1           00282         RLF                     RW_BYTE1,1
009E   0DB1           00283         RLF                     RW_BYTE1,1
009F   0DB1           00284         RLF                     RW_BYTE1,1
00A0   0828           00285         MOVF            NOW_MINUTE,0
00A1   04B1           00286         IORWF           RW_BYTE1,1
00A2   3082           00287         MOVLW           DS_W_MINUTES
00A3   00B0           00288         MOVWF           RW_BYTE
MPASM  5.37                          MAIN.ASM   5-10-2017  14:50:31         PAGE  7


LOC  OBJECT CODE     LINE SOURCE TEXT
  VALUE

00A4   20B6           00289         CALL            CONNECT_DS
00A5   20E1           00290         CALL            WRITE_BYTE
                      00291         
                      00292 ; Часы:
00A6   082B           00293         MOVF            NOW_HOUR10,0
00A7   00B1           00294         MOVWF           RW_BYTE1        ;00000001
00A8   0DB1           00295         RLF                     RW_BYTE1,1      ;00000010
00A9   0DB1           00296         RLF                     RW_BYTE1,1      ;00000100
00AA   0DB1           00297         RLF                     RW_BYTE1,1      ;00001000
00AB   0DB1           00298         RLF                     RW_BYTE1,1      ;00010000
00AC   082A           00299         MOVF            NOW_HOUR,0
00AD   04B1           00300         IORWF           RW_BYTE1,1
00AE   13B1           00301         BCF                     RW_BYTE1,7
00AF   3084           00302         MOVLW           DS_W_HOUR
00B0   00B0           00303         MOVWF           RW_BYTE
00B1   20B6           00304         CALL            CONNECT_DS
00B2   20E1           00305         CALL            WRITE_BYTE
                      00306         
00B3   1105           00307         BCF                     PORTA,RST
00B4   1085           00308         BCF                     PORTA,IO
Warning[203]: Found opcode in column 1. (RETURN)
00B5   0008           00309 RETURN
                      00310 ;;;;;;;;;;;;;;;;;;;;;;;;;;;;;;;;;;;;;;;;;;;;;;;;;;;;;;;;;;;;;;;;;;;;;;;;;;
00B6                  00311 CONNECT_DS
00B6   1505           00312         BSF                     PORTA,RST
Message[302]: Register in operand not in bank 0.  Ensure that bank bits are correct.
00B7   1303           00313         BCF                     STATUS,6                ;;первый бит выбора банка = 0
Message[302]: Register in operand not in bank 0.  Ensure that bank bits are correct.
00B8   1683           00314         BSF                     STATUS,5                ;;второй = 1   => bank #1
Message[302]: Register in operand not in bank 0.  Ensure that bank bits are correct.
00B9   1085           00315         BCF                     TRISA,IO                ;;0=output
Message[302]: Register in operand not in bank 0.  Ensure that bank bits are correct.
00BA   1283           00316         BCF                     STATUS,5                ;;второй = 0   => bank #0
Warning[207]: Found label after column 1. (CONNECT_DS_BEFORE_SETBIT)
00BB                  00317                 CONNECT_DS_BEFORE_SETBIT
00BB   1005           00318                 BCF                     PORTA,SCLK ;;4 тика между включением и выключением Sclk = 1мкс п
                            ри 4Мц
00BC   1C30           00319                 BTFSS           RW_BYTE,0
00BD   28C0           00320                 GOTO            CONNECT_DS_BEFORE_SETBIT1
00BE   1485           00321                 BSF                     PORTA,IO
00BF   28C2           00322                 GOTO            CONNECT_DS_AFTER_SETBIT
Warning[207]: Found label after column 1. (CONNECT_DS_BEFORE_SETBIT1)
00C0                  00323                         CONNECT_DS_BEFORE_SETBIT1
00C0   1085           00324                         BCF                     PORTA,IO
00C1   0000           00325                         NOP
Warning[207]: Found label after column 1. (CONNECT_DS_AFTER_SETBIT)
00C2                  00326                 CONNECT_DS_AFTER_SETBIT
00C2   1405           00327                 BSF                     PORTA,SCLK
00C3   0CB0           00328                 RRF                     RW_BYTE,1               
00C4   13B0           00329                 BCF                     RW_BYTE,7
00C5   0AB0           00330                 INCF            RW_BYTE,1
00C6   0BB0           00331                 DECFSZ          RW_BYTE,1
00C7   28BB           00332                 GOTO            CONNECT_DS_BEFORE_SETBIT
MPASM  5.37                          MAIN.ASM   5-10-2017  14:50:31         PAGE  8


LOC  OBJECT CODE     LINE SOURCE TEXT
  VALUE

Warning[203]: Found opcode in column 1. (RETURN)
00C8   0008           00333 RETURN
                      00334 ;;;;;;;;;;;;;;;;;;;;;;;;;;;;;;;;;;;;;;;;;;;;;;;;;;;;;;;;;;;;;;;;;;;;;;;;;;
00C9                  00335 READ_BYTE
Message[302]: Register in operand not in bank 0.  Ensure that bank bits are correct.
00C9   1303           00336         BCF                     STATUS,6                ;;первый бит выбора банка = 0
Message[302]: Register in operand not in bank 0.  Ensure that bank bits are correct.
00CA   1683           00337         BSF                     STATUS,5                ;;второй = 1   => bank #1
Message[302]: Register in operand not in bank 0.  Ensure that bank bits are correct.
00CB   1485           00338         BSF                     TRISA,IO                ;;1=input
Message[302]: Register in operand not in bank 0.  Ensure that bank bits are correct.
00CC   1283           00339         BCF                     STATUS,5                ;;второй = 0   => bank #0
00CD   3008           00340         MOVLW           .8
00CE   00AC           00341         MOVWF           TIMER_COUNTER1
00CF   01B1           00342         CLRF            RW_BYTE1
00D0                  00343 READ_BYTE_1
Message[305]: Using default destination of 1 (file).
00D0   0CB1           00344         RRF                     RW_BYTE1
00D1   1005           00345         BCF                     PORTA,SCLK
00D2   0000           00346         NOP
00D3   1885           00347         BTFSC           PORTA,IO
00D4   28D7           00348         GOTO            READ_BYTE_BEFORE
00D5   13B1           00349         BCF                     RW_BYTE1,7
00D6   28D8           00350         GOTO            READ_BYTE_AFTER
00D7                  00351 READ_BYTE_BEFORE
00D7   17B1           00352         BSF                     RW_BYTE1,7
00D8                  00353 READ_BYTE_AFTER
00D8   1405           00354         BSF                     PORTA,SCLK
00D9   0000           00355         NOP
00DA   0000           00356         NOP
00DB   0BAC           00357         DECFSZ          TIMER_COUNTER1,1
00DC   28D0           00358         GOTO            READ_BYTE_1
                      00359 
00DD   1005           00360         BCF                     PORTA, SCLK
00DE   1105           00361         BCF                     PORTA,RST
00DF   1085           00362         BCF                     PORTA,IO
Warning[203]: Found opcode in column 1. (RETURN)
00E0   0008           00363 RETURN
                      00364 ;;;;;;;;;;;;;;;;;;;;;;;;;;;;;;;;;;;;;;;;;;;;;;;;;;;;;;;;;;;;;;;;;;;;;;;;;;
00E1                  00365 WRITE_BYTE
Message[302]: Register in operand not in bank 0.  Ensure that bank bits are correct.
00E1   1303           00366         BCF                     STATUS,6                ;;первый бит выбора банка = 0
Message[302]: Register in operand not in bank 0.  Ensure that bank bits are correct.
00E2   1683           00367         BSF                     STATUS,5                ;;второй = 1   => bank #1
Message[302]: Register in operand not in bank 0.  Ensure that bank bits are correct.
00E3   1085           00368         BCF                     TRISA,IO                ;; IO = 0 = output
Message[302]: Register in operand not in bank 0.  Ensure that bank bits are correct.
00E4   1283           00369         BCF                     STATUS,5                ;;второй = 0   => bank #0
                      00370 
00E5   3009           00371         MOVLW           .9
00E6   00AC           00372         MOVWF           TIMER_COUNTER1
                      00373 
                      00374 ; RW_BYTE1 - Байт с данными
MPASM  5.37                          MAIN.ASM   5-10-2017  14:50:31         PAGE  9


LOC  OBJECT CODE     LINE SOURCE TEXT
  VALUE

Message[305]: Using default destination of 1 (file).
00E7   0BAC           00375         DECFSZ          TIMER_COUNTER1
00E8   28EA           00376         GOTO            $+2
00E9   28F5           00377         GOTO            $+.12
00EA   1005           00378         BCF                     PORTA,SCLK
00EB   0000           00379         NOP
00EC   1085           00380         BCF                     PORTA,IO
00ED   1C31           00381         BTFSS           RW_BYTE1,0
00EE   28F0           00382         GOTO            $+2
00EF   1485           00383         BSF                     PORTA,IO
00F0   0000           00384         NOP
00F1   1405           00385         BSF                     PORTA,SCLK
00F2   0000           00386         NOP
Message[305]: Using default destination of 1 (file).
00F3   0CB1           00387         RRF                     RW_BYTE1
00F4   28E7           00388         GOTO            $-.13
00F5   1005           00389         BCF                     PORTA,SCLK
00F6   0000           00390         NOP
00F7   0000           00391         NOP
00F8   0000           00392         NOP
00F9   0000           00393         NOP
00FA   1105           00394         BCF                     PORTA,RST
Warning[203]: Found opcode in column 1. (RETURN)
00FB   0008           00395 RETURN
                      00396 ;;;;;;;;;;;;;;;;;;;;;;;;;;;;;;;;;;;;;;;;;;;;;;;;;;;;;;;;;;;;;;;;;;;;;;;;;;
00FC                  00397 SHOWING_DELAY           ;;      W ЦИКЛОВ ПОКАЗА ИЗОБРАЖЕНИЯ
00FC   00AE           00398         MOVWF           TIMER_COUNTER3
00FD                  00399 SHOWING_DELAY_before_cycle1
00FD   204C           00400         CALL            SHOWING
Message[305]: Using default destination of 1 (file).
00FE   0BAE           00401         DECFSZ          TIMER_COUNTER3
00FF   28FD           00402         GOTO            SHOWING_DELAY_before_cycle1
0100   0000           00403         NOP
Warning[203]: Found opcode in column 1. (RETURN)
0101   0008           00404 RETURN
                      00405 ;;;;;;;;;;;;;;;;;;;;;;;;;;;;;;;;;;;;;;;;;;;;;;;;;;;;;;;;;;;;;;;;;;;;;;;;;;
                      00406 
0102                  00407 BUTTON_MODE_PROCESSING ;;После обнаружения нажатия
0102   300F           00408         MOVLW           RATTLING_COUNT_SHOWING  ;;защита от дребезга
0103   20FC           00409         CALL            SHOWING_DELAY
0104   204C           00410         CALL            SHOWING
0105   1907           00411         BTFSC           PORTC,B_MODE
0106   2904           00412         GOTO            $-2
0107   300F           00413         MOVLW           RATTLING_COUNT_SHOWING  ;;защита от дребезга
0108   20FC           00414         CALL            SHOWING_DELAY   
Warning[203]: Found opcode in column 1. (RETURN)
0109   0008           00415 RETURN
010A                  00416 BUTTON_SELECT_PROCESSING ;;После обнаружения нажатия
010A   300F           00417         MOVLW           RATTLING_COUNT_SHOWING  ;;защита от дребезга
010B   20FC           00418         CALL            SHOWING_DELAY
010C   204C           00419         CALL            SHOWING
010D   1987           00420         BTFSC           PORTC,B_SELECT
010E   290C           00421         GOTO            $-2
MPASM  5.37                          MAIN.ASM   5-10-2017  14:50:31         PAGE 10


LOC  OBJECT CODE     LINE SOURCE TEXT
  VALUE

010F   300F           00422         MOVLW           RATTLING_COUNT_SHOWING  ;;защита от дребезга
0110   20FC           00423         CALL            SHOWING_DELAY   
Warning[203]: Found opcode in column 1. (RETURN)
0111   0008           00424 RETURN
                      00425 ;;;;;;;;;;;;;;;;;;;;;;;;;;;;;;;;;;;;;;;;;;;;;;;;;;;;;;;;;;;;;;;;;;;;;;;;;;
                      00426 ;;                                      ПРОЦЕДУРА УСТАНОВКИ ВРЕМЕНИ                                     
                                            ;;
                      00427 ;;;;;;;;;;;;;;;;;;;;;;;;;;;;;;;;;;;;;;;;;;;;;;;;;;;;;;;;;;;;;;;;;;;;;;;;;;
0112                  00428 SET_TIME;;Установка времени                             
0112   210A           00429         CALL            BUTTON_SELECT_PROCESSING
0113   2076           00430         CALL            TRANSMISSION_IN
0114   0000           00431         NOP
0115   0828           00432         MOVF            NOW_MINUTE,0
0116   00A3           00433         MOVWF           IND4
0117   0829           00434         MOVF            NOW_MINUTE10,0
0118   00A2           00435         MOVWF           IND3
0119   082A           00436         MOVF            NOW_HOUR,0
011A   00A1           00437         MOVWF           IND2
011B   082B           00438         MOVF            NOW_HOUR10,0
011C   00A0           00439         MOVWF           IND1
011D   3001           00440         MOVLW           B'00000001'
011E   00A5           00441         MOVWF           IBLINKING               ;;МОРГАЕТ ЧЕТВЕРТЫЙ ИНДИКАТОР
011F                  00442 SET_TIME_MIN
011F   204C           00443         CALL            SHOWING
0120   1D87           00444         BTFSS           PORTC,B_SELECT
0121   292C           00445         GOTO            $+.11
0122   0AA3           00446         INCF            IND4,1 ;; СОХРАНЯЕТСЯ В F
0123   0823           00447         MOVF            IND4,0
0124   00A4           00448         MOVWF           IND_TEMP
0125   3009           00449         MOVLW           .9
0126   02A4           00450         SUBWF           IND_TEMP,1
Message[305]: Using default destination of 1 (file).
0127   0BA4           00451         DECFSZ          IND_TEMP
0128   292B           00452         GOTO            $+3
0129   3000           00453         MOVLW           .0
012A   00A3           00454         MOVWF           IND4
012B   210A           00455         CALL            BUTTON_SELECT_PROCESSING
012C   1D07           00456         BTFSS           PORTC,B_MODE
012D   291F           00457         GOTO            SET_TIME_MIN
012E   0823           00458         MOVF            IND4,0
012F   00A8           00459         MOVWF           NOW_MINUTE
Message[305]: Using default destination of 1 (file).
0130   0DA5           00460         RLF                     IBLINKING               ;;МОРГАЕТ ТРЕТИЙ ИНД
0131   2102           00461         CALL    BUTTON_MODE_PROCESSING
                      00462 
0132                  00463 SET_TIME_MIN10
0132   204C           00464         CALL            SHOWING
0133   1D87           00465         BTFSS           PORTC,B_SELECT
0134   293F           00466         GOTO            $+.11
0135   0AA2           00467         INCF            IND3,1 ;; СОХРАНЯЕТСЯ В F
0136   0822           00468         MOVF            IND3,0
0137   00A4           00469         MOVWF           IND_TEMP
0138   3005           00470         MOVLW           .5
MPASM  5.37                          MAIN.ASM   5-10-2017  14:50:31         PAGE 11


LOC  OBJECT CODE     LINE SOURCE TEXT
  VALUE

0139   02A4           00471         SUBWF           IND_TEMP,1
Message[305]: Using default destination of 1 (file).
013A   0BA4           00472         DECFSZ          IND_TEMP
013B   293E           00473         GOTO            $+3
013C   3000           00474         MOVLW           .0
013D   00A2           00475         MOVWF           IND3
013E   210A           00476         CALL            BUTTON_SELECT_PROCESSING
013F   1D07           00477         BTFSS           PORTC,B_MODE
0140   2932           00478         GOTO            SET_TIME_MIN10
0141   0822           00479         MOVF            IND3,0
0142   00A9           00480         MOVWF           NOW_MINUTE10
0143   300C           00481         MOVLW           B'00001100'
0144   00A5           00482         MOVWF           IBLINKING               ;;МОРГАЕТ ВТОРОЙ И ПЕРВЫЙ ИНД
0145   2102           00483         CALL    BUTTON_MODE_PROCESSING
0146                  00484 SET_TIME_HOUR
0146   204C           00485         CALL            SHOWING
0147   1D87           00486         BTFSS           PORTC,B_SELECT
0148   2963           00487         GOTO            $+.27
0149   0AA1           00488         INCF            IND2,1 ;; СОХРАНЯЕТСЯ В F
014A   0821           00489         MOVF            IND2,0
014B   00A4           00490         MOVWF           IND_TEMP
014C   3009           00491         MOVLW           .9                                              
014D   02A4           00492         SUBWF           IND_TEMP,1                                      
Message[305]: Using default destination of 1 (file).
014E   0BA4           00493         DECFSZ          IND_TEMP
014F   2953           00494         GOTO            $+.4
0150   3000           00495         MOVLW           .0
0151   00A1           00496         MOVWF           IND2
0152   0AA0           00497         INCF            IND1,1
0153   0820           00498         MOVF            IND1,0
0154   00A4           00499         MOVWF           IND_TEMP
0155   3001           00500         MOVLW           .1                                                      
0156   02A4           00501         SUBWF           IND_TEMP,1      ;; 1я цифра - 2                         
Message[305]: Using default destination of 1 (file).
0157   0BA4           00502         DECFSZ          IND_TEMP
0158   2962           00503         GOTO            $+.10
0159   0821           00504         MOVF            IND2,0
015A   00A4           00505         MOVWF           IND_TEMP        
015B   3003           00506         MOVLW           .3
015C   02A4           00507         SUBWF           IND_TEMP,1      ;; 2я цифра - 4                         
Message[305]: Using default destination of 1 (file).
015D   0BA4           00508         DECFSZ          IND_TEMP
015E   2962           00509         GOTO            $+.4
015F   3000           00510                 MOVLW           .0
0160   00A0           00511                 MOVWF           IND1
0161   00A1           00512                 MOVWF           IND2
0162   210A           00513         CALL            BUTTON_SELECT_PROCESSING
0163   1D07           00514         BTFSS           PORTC,B_MODE
0164   2946           00515         GOTO            SET_TIME_HOUR
0165   0821           00516         MOVF            IND2,0
0166   00AA           00517         MOVWF           NOW_HOUR
0167   0820           00518         MOVF            IND1,0
0168   00AB           00519         MOVWF           NOW_HOUR10
MPASM  5.37                          MAIN.ASM   5-10-2017  14:50:31         PAGE 12


LOC  OBJECT CODE     LINE SOURCE TEXT
  VALUE

                      00520 
                      00521 ;;      здесь должно быть TRANSMITION_OUT
0169   3000           00522         MOVLW           .0
016A   00A5           00523         MOVWF           IBLINKING
016B   2093           00524         CALL            TRANSMISSION_OUT
Warning[203]: Found opcode in column 1. (RETURN)
016C   0008           00525 RETURN
                      00526 
                      00527 ;;;;;;;;;;;;;;;;;;;;;;;;;;;;;;;;;;;;;;;;;;;;;;;;;;;;;;;;;;;;;;;;;;;;;;;;;;
                      00528 ;;
                      00529 ;;
                      00530 ;;                                              Структура меню:
                      00531 ;;
                      00532 ;;
                      00533 ;;      Вход
                      00534 ;;      |
                      00535 ;;      |+              установка времени/даты          
                      00536 ;;      |+                              минуты
                      00537 ;;      |+                              десятки минут
                      00538 ;;      |+                              часы
                      00539 ;;      |+                              десятки часов
                      00540 ;;      |               режим
                      00541 ;;      |                           1
                      00542 ;;      |                                       off/on          
                      00543 ;;  |                                   время включения                         
                      00544 ;;      |                                               минуты
                      00545 ;;      |                                               десятки минут
                      00546 ;;      |                                               часы
                      00547 ;;      |                                               десятки часов
                      00548 ;;      |                                       время выключения                        
                      00549 ;;      |                                               минуты
                      00550 ;;      |                                               десятки минут
                      00551 ;;      |                                               часы
                      00552 ;;      |                                               десятки часов
                      00553 ;;      |                               2       -=-
                      00554 ;;      |                               3       -=-
                      00555 ;;      |+              сброс
                      00556 ;;      |+                              NO
                      00557 ;;      |+                              YES
                      00558 ;;      |+              ручное управление - по нажатию открытие реле
                      00559 ;;      |
                      00560 ;;      |
                      00561 ;;              операция ввода, возвращает в W результат для каждой цифры
                      00562 ;;
                      00563 ;;
                      00564 ;;
                      00565 ;;
                      00566 ;;
                      00567 ;;
                      00568 
016D                  00569 SHOWMENU
016D   3009           00570         MOVLW           COUNT_TAPS_MODE_CONST   ;;      устанавливается счетчик нажатий 
                      00571                                                 ;;      кнопки mode, когда = 0, выход на уровень вверх.
MPASM  5.37                          MAIN.ASM   5-10-2017  14:50:31         PAGE 13


LOC  OBJECT CODE     LINE SOURCE TEXT
  VALUE

016E   00A7           00572         MOVWF           COUNT_TAPS_MODE
                      00573 
016F   3010           00574         MOVLW           .16
0170   00A1           00575         MOVWF           IND2
0171   3001           00576         MOVLW           .1
0172   00A2           00577         MOVWF           IND3                    ;; "HI"
0173   300A           00578         MOVLW           .10
0174   00A0           00579         MOVWF           IND1
0175   00A3           00580         MOVWF           IND4
                      00581 ;;      50 циклов показа картинки
0176   3032           00582         MOVLW           .50
0177   20FC           00583         CALL            SHOWING_DELAY
0178   204C           00584         CALL            SHOWING
0179   1907           00585         BTFSC           PORTC,B_MODE
017A   2978           00586         GOTO            $-2
017B   300F           00587         MOVLW           RATTLING_COUNT_SHOWING
017C   20FC           00588         CALL            SHOWING_DELAY           ;;ОТПУСТИЛИ КНОПКУ
Warning[207]: Found label after column 1. (SHOWMENU_before_transmit)
017D                  00589         SHOWMENU_before_transmit
017D   2076           00590                 CALL            TRANSMISSION_IN
017E   0000           00591                 NOP
017F   0828           00592                 MOVF            NOW_MINUTE,0
0180   00A3           00593                 MOVWF           IND4
0181   0829           00594                 MOVF            NOW_MINUTE10,0
0182   00A2           00595                 MOVWF           IND3
0183   082A           00596                 MOVF            NOW_HOUR,0
0184   00A1           00597                 MOVWF           IND2
0185   082B           00598                 MOVF            NOW_HOUR10,0
0186   00A0           00599                 MOVWF           IND1
0187   3003           00600                 MOVLW           .3
0188   20FC           00601                 CALL            SHOWING_DELAY
0189   1D07           00602                 BTFSS           PORTC,B_MODE
018A   297D           00603                 GOTO            SHOWMENU_before_transmit                
018B                  00604 SHOWMENU_change_time
018B   3008           00605         MOVLW           .8      
018C   00A0           00606         MOVWF           IND1
018D   3013           00607         MOVLW           .19     
018E   00A1           00608         MOVWF           IND2
018F   300D           00609         MOVLW           .13     
0190   00A2           00610         MOVWF           IND3
0191   300A           00611         MOVLW           .10     
0192   00A3           00612         MOVWF           IND4
                      00613 
0193   2102           00614         CALL            BUTTON_MODE_PROCESSING
0194   204C           00615         CALL            SHOWING
0195   1D07           00616         BTFSS           PORTC,B_MODE
0196   2998           00617         GOTO            $+2     
0197   299C           00618         GOTO            SHOWMENU_change_shedule
0198   1D87           00619         BTFSS           PORTC,B_SELECT
0199   2994           00620         GOTO            $-5
                      00621 ;;
019A   2112           00622         CALL            SET_TIME
019B   297D           00623         GOTO            SHOWMENU_before_transmit
MPASM  5.37                          MAIN.ASM   5-10-2017  14:50:31         PAGE 14


LOC  OBJECT CODE     LINE SOURCE TEXT
  VALUE

                      00624 
019C                  00625 SHOWMENU_change_shedule
019C   3013           00626         MOVLW           .19     
019D   00A0           00627         MOVWF           IND1
019E   300D           00628         MOVLW           .13     
019F   00A1           00629         MOVWF           IND2
01A0   300A           00630         MOVLW           .10     
01A1   00A2           00631         MOVWF           IND3
01A2   300A           00632         MOVLW           .10     
01A3   00A3           00633         MOVWF           IND4
                      00634 
01A4   2102           00635         CALL            BUTTON_MODE_PROCESSING
01A5   204C           00636         CALL            SHOWING
01A6   1D07           00637         BTFSS           PORTC,B_MODE
01A7   29A5           00638         GOTO            $-2
01A8   29A9           00639         GOTO SHOWMENU_reset  ;;         дописать 
                      00640 
01A9                  00641 SHOWMENU_reset
01A9   300C           00642         MOVLW           .12     
01AA   00A0           00643         MOVWF           IND1
01AB   3016           00644         MOVLW           .22     
01AC   00A1           00645         MOVWF           IND2
01AD   3013           00646         MOVLW           .19     
01AE   00A2           00647         MOVWF           IND3
01AF   300C           00648         MOVLW           .12     
01B0   00A3           00649         MOVWF           IND4
                      00650 
01B1   2102           00651         CALL            BUTTON_MODE_PROCESSING
01B2   204C           00652         CALL            SHOWING
01B3   1D07           00653         BTFSS           PORTC,B_MODE
01B4   29B6           00654         GOTO            $+2
01B5   29E6           00655         GOTO            SHOWMENU_manual_control
01B6   1D87           00656         BTFSS           PORTC,B_SELECT
01B7   29B2           00657         GOTO            $-5
                      00658                 ;; НАЖАТА КНОПКА SELECT
                      00659                                 ;; NO
01B8   3012           00660         MOVLW           .18     
01B9   00A0           00661         MOVWF           IND1
01BA   3000           00662         MOVLW           .0      
01BB   00A1           00663         MOVWF           IND2
01BC   300A           00664         MOVLW           .10     
01BD   00A2           00665         MOVWF           IND3
01BE   300A           00666         MOVLW           .10     
01BF   00A3           00667         MOVWF           IND4
01C0   210A           00668         CALL            BUTTON_SELECT_PROCESSING
01C1   204C           00669         CALL            SHOWING
01C2   1D07           00670         BTFSS           PORTC,B_MODE
01C3   29C5           00671         GOTO            $+2
01C4   29C8           00672         GOTO            $+4
01C5   1D87           00673         BTFSS           PORTC,B_SELECT
01C6   29C1           00674         GOTO            $-5
01C7   2811           00675         GOTO            MAIN
                      00676                                 ;; YES
MPASM  5.37                          MAIN.ASM   5-10-2017  14:50:31         PAGE 15


LOC  OBJECT CODE     LINE SOURCE TEXT
  VALUE

01C8   3017           00677         MOVLW           .23     
01C9   00A0           00678         MOVWF           IND1
01CA   300D           00679         MOVLW           .13     
01CB   00A1           00680         MOVWF           IND2
01CC   3005           00681         MOVLW           .5      
01CD   00A2           00682         MOVWF           IND3
01CE   300A           00683         MOVLW           .10     
01CF   00A3           00684         MOVWF           IND4
01D0   2102           00685         CALL            BUTTON_MODE_PROCESSING
                      00686 
01D1   204C           00687         CALL            SHOWING
01D2   1D07           00688         BTFSS           PORTC,B_MODE
01D3   29DE           00689         GOTO            $+.11
01D4   3012           00690         MOVLW           .18     
01D5   00A0           00691         MOVWF           IND1
01D6   3000           00692         MOVLW           .0      
01D7   00A1           00693         MOVWF           IND2
01D8   300A           00694         MOVLW           .10     
01D9   00A2           00695         MOVWF           IND3
01DA   300A           00696         MOVLW           .10     
01DB   00A3           00697         MOVWF           IND4
01DC   2102           00698         CALL            BUTTON_MODE_PROCESSING
01DD   29C1           00699         GOTO            $-.28
01DE   1D87           00700         BTFSS           PORTC,B_SELECT
01DF   29D1           00701         GOTO            $-.14
                      00702         ;CALL           FRESET ;;   <------              **  FRESET  **
01E0   300F           00703         MOVLW           B'00001111'
01E1   00A5           00704         MOVWF           IBLINKING       
01E2   30FA           00705         MOVLW           .250
01E3   20FC           00706         CALL            SHOWING_DELAY
01E4   2811           00707         GOTO            MAIN
                      00708         
                      00709         
01E5   2102           00710         CALL            BUTTON_MODE_PROCESSING
                      00711 
01E6                  00712 SHOWMENU_manual_control
01E6   3013           00713         MOVLW           .19     
01E7   00A0           00714         MOVWF           IND1
01E8   3017           00715         MOVLW           .23     
01E9   00A1           00716         MOVWF           IND2
01EA   3018           00717         MOVLW           .24     
01EB   00A2           00718         MOVWF           IND3
01EC   3010           00719         MOVLW           .16     
01ED   00A3           00720         MOVWF           IND4
                      00721         
01EE   2102           00722         CALL            BUTTON_MODE_PROCESSING
01EF   204C           00723         CALL            SHOWING
01F0   1D87           00724         BTFSS           PORTC,B_SELECT
01F1   29F5           00725         GOTO            $+4
01F2   1487           00726         BSF                     PORTC,RELAY
01F3   210A           00727         CALL            BUTTON_SELECT_PROCESSING
01F4   1087           00728         BCF                     PORTC,RELAY
01F5   1D07           00729         BTFSS           PORTC,B_MODE
MPASM  5.37                          MAIN.ASM   5-10-2017  14:50:31         PAGE 16


LOC  OBJECT CODE     LINE SOURCE TEXT
  VALUE

01F6   29EF           00730         GOTO            $-7
                      00731 
Warning[203]: Found opcode in column 1. (GOTO)
01F7   2811           00732 GOTO    MAIN
Warning[205]: Found directive in column 1. (end)
                      00733 end
MPASM  5.37                          MAIN.ASM   5-10-2017  14:50:31         PAGE 17


SYMBOL TABLE
  LABEL                             VALUE 

ADCON0                            0000001F
ADCON1                            0000009F
BUTTON_MODE_PROCESSING            00000102
BUTTON_SELECT_PROCESSING          0000010A
B_MODE                            00000002
B_SELECT                          00000003
CHAR_TABLE                        00000026
CONNECT_DS                        000000B6
CONNECT_DS_AFTER_SETBIT           000000C2
CONNECT_DS_BEFORE_SETBIT          000000BB
CONNECT_DS_BEFORE_SETBIT1         000000C0
COUNT_TAPS_MODE                   00000027
COUNT_TAPS_MODE_CONST             00000009
COUNT_TAPS_MODE_CONST1            00000007
DELAY                             00000041
DS_R_HOUR                         00000085
DS_R_MINUTES                      00000083
DS_WP                             0000008E
DS_W_HOUR                         00000084
DS_W_MINUTES                      00000082
IBLINKING                         00000025
IDOBLINK                          00000026
IND1                              00000020
IND2                              00000021
IND3                              00000022
IND4                              00000023
IND_TEMP                          00000024
INTCON                            0000008B
IO                                00000001
MAIN                              00000011
NOW_HOUR                          0000002A
NOW_HOUR10                        0000002B
NOW_MINUTE                        00000028
NOW_MINUTE10                      00000029
PCL                               00000002
PORTA                             00000005
PORTB                             00000006
PORTC                             00000007
RATTLING_COUNT_SHOWING            0000000F
READ_BYTE                         000000C9
READ_BYTE_1                       000000D0
READ_BYTE_AFTER                   000000D8
READ_BYTE_BEFORE                  000000D7
RELAY                             00000001
RST                               00000002
RW_BYTE                           00000030
RW_BYTE1                          00000031
SCLK                              00000000
SET_TIME                          00000112
SET_TIME_HOUR                     00000146
SET_TIME_MIN                      0000011F
SET_TIME_MIN10                    00000132
SHOWING                           0000004C
MPASM  5.37                          MAIN.ASM   5-10-2017  14:50:31         PAGE 18


SYMBOL TABLE
  LABEL                             VALUE 

SHOWING_DELAY                     000000FC
SHOWING_DELAY_before_cycle1       000000FD
SHOWMENU                          0000016D
SHOWMENU_before_transmit          0000017D
SHOWMENU_change_shedule           0000019C
SHOWMENU_change_time              0000018B
SHOWMENU_manual_control           000001E6
SHOWMENU_reset                    000001A9
STATUS                            00000083
TIMER_COUNTER1                    0000002C
TIMER_COUNTER2                    0000002D
TIMER_COUNTER3                    0000002E
TIMER_COUNTER4                    0000002F
TRANSMISSION_IN                   00000076
TRANSMISSION_OUT                  00000093
TRISA                             00000085
TRISB                             00000086
TRISC                             00000087
WRITE_BYTE                        000000E1
__16F876A                         00000001
__DEBUG                           1
init_lbl                          00000000


MEMORY USAGE MAP ('X' = Used,  '-' = Unused)

0000 : XXXXXXXXXXXXXXXX XXXXXXXXXXXXXXXX XXXXXXXXXXXXXXXX XXXXXXXXXXXXXXXX
0040 : XXXXXXXXXXXXXXXX XXXXXXXXXXXXXXXX XXXXXXXXXXXXXXXX XXXXXXXXXXXXXXXX
0080 : XXXXXXXXXXXXXXXX XXXXXXXXXXXXXXXX XXXXXXXXXXXXXXXX XXXXXXXXXXXXXXXX
00C0 : XXXXXXXXXXXXXXXX XXXXXXXXXXXXXXXX XXXXXXXXXXXXXXXX XXXXXXXXXXXXXXXX
0100 : XXXXXXXXXXXXXXXX XXXXXXXXXXXXXXXX XXXXXXXXXXXXXXXX XXXXXXXXXXXXXXXX
0140 : XXXXXXXXXXXXXXXX XXXXXXXXXXXXXXXX XXXXXXXXXXXXXXXX XXXXXXXXXXXXXXXX
0180 : XXXXXXXXXXXXXXXX XXXXXXXXXXXXXXXX XXXXXXXXXXXXXXXX XXXXXXXXXXXXXXXX
01C0 : XXXXXXXXXXXXXXXX XXXXXXXXXXXXXXXX XXXXXXXXXXXXXXXX XXXXXXXX--------
2000 : -------X-------- ---------------- ---------------- ----------------

All other memory blocks unused.

Program Memory Words Used:   504
Program Memory Words Free:  7688


Errors   :     0
Warnings :    22 reported,     0 suppressed
Messages :    43 reported,     0 suppressed

